[2026-08-20 17:48:53] [INFO]: GET /api/v1/expenses?search=swigg 200 322 - 59.908 ms
[2026-08-20 17:54:13] [INFO]: ⚡ GET /api/v1/expenses?search=swigg 200 - 69ms
[2026-08-20 17:54:42] [WARN]: 🐢 SLOW REQUEST DETECTED: GET /api/v1/expenses 200 - 692ms
[2026-08-20 17:54:51] [INFO]: ⚡ GET /api/v1/expenses 200 - 478ms
[2026-08-20 17:54:53] [INFO]: ⚡ GET /api/v1/expenses 200 - 88ms
[2026-08-20 17:54:54] [INFO]: ⚡ GET /api/v1/expenses 200 - 87ms
[2026-08-20 17:54:55] [INFO]: ⚡ GET /api/v1/expenses 200 - 101ms
[2026-08-20 17:54:55] [INFO]: ⚡ GET /api/v1/expenses 200 - 49ms
[2026-08-20 17:54:56] [INFO]: ⚡ GET /api/v1/expenses 200 - 169ms
[2026-08-20 17:54:57] [INFO]: ⚡ GET /api/v1/expenses 200 - 68ms
[2026-08-20 17:54:59] [INFO]: ⚡ GET /api/v1/expenses 200 - 37ms
[2026-08-20 17:55:13] [INFO]: ⚡ GET /api/v1/expenses?category=food,travel 200 - 304ms
[2026-08-20 17:56:00] [INFO]: ⚡ FAST REQUEST : GET /api/v1/expenses?category=food,travel 200 - 112ms
[2026-08-20 17:56:09] [INFO]: ⚡ FAST REQUEST : GET /api/v1/expenses 200 - 57ms
[2026-08-20 17:56:53] [INFO]: ⚡ FAST REQUEST : GET /api/v1/expenses?category=food&sort=oldest&page=1&limit=5 200 - 73ms
[2026-08-20 17:57:09] [INFO]: ⚡ FAST REQUEST : GET /api/v1/expenses?category=food,travel,shopping&sort=oldest&page=1&limit=5 200 - 52ms
[2026-08-20 17:58:54] [INFO]: ⚡ FAST REQUEST : method :GET - url: /api/v1/expenses?category=food,travel,shopping&sort=oldest&page=1&limit=5 - statusCode200 - durationTimeMs: 39ms
[2026-08-20 17:59:46] [ERROR]: 404 - ❌ Can't find /ap/v1/expenses?category=food,travel,shopping&sort=oldest&page=1&limit=5 on this server! - GET /ap/v1/expenses?category=food,travel,shopping&sort=oldest&page=1&limit=5
Stack: Error: ❌ Can't find /ap/v1/expenses?category=food,travel,shopping&sort=oldest&page=1&limit=5 on this server!
    at customError (file:///C:/Full_Stack_Development/express/projects/04_SmartExpenseTracker/src/utils/customError.js:2:17)
    at notFound (file:///C:/Full_Stack_Development/express/projects/04_SmartExpenseTracker/src/utils/notfoundHandler.js:4:10)
    at Layer.handleRequest (C:\Full_Stack_Development\express\projects\04_SmartExpenseTracker\node_modules\router\lib\layer.js:152:17)
    at trimPrefix (C:\Full_Stack_Development\express\projects\04_SmartExpenseTracker\node_modules\router\index.js:342:13)
    at C:\Full_Stack_Development\express\projects\04_SmartExpenseTracker\node_modules\router\index.js:297:9
    at processParams (C:\Full_Stack_Development\express\projects\04_SmartExpenseTracker\node_modules\router\index.js:582:12)
    at next (C:\Full_Stack_Development\express\projects\04_SmartExpenseTracker\node_modules\router\index.js:291:5)
    at morganMiddleware (file:///C:/Full_Stack_Development/express/projects/04_SmartExpenseTracker/src/middleware/morganLogger.js:20:5)
    at Layer.handleRequest (C:\Full_Stack_Development\express\projects\04_SmartExpenseTracker\node_modules\router\lib\layer.js:152:17)
    at trimPrefix (C:\Full_Stack_Development\express\projects\04_SmartExpenseTracker\node_modules\router\index.js:342:13)
[2026-08-20 17:59:46] [INFO]: ⚡ FAST REQUEST : method :GET - url: /ap/v1/expenses?category=food,travel,shopping&sort=oldest&page=1&limit=5 - statusCode : 404 - durationTimeMs: 11ms
[2026-08-20 18:02:23] [ERROR]: ❌ Error 404 - ❌ Can't find /ap/v1/expenses?category=food,travel,shopping&sort=oldest&page=1&limit=5 on this server!
[2026-08-20 18:02:23] [INFO]: ⚡ FAST REQUEST : method :GET - url: /ap/v1/expenses?category=food,travel,shopping&sort=oldest&page=1&limit=5 - statusCode : 404 - durationTimeMs: 30ms
[2026-08-20 18:05:14] [ERROR]: ❌ Error 404 - ❌ Can't find /ap/v1/expenses?category=food,travel,shopping&sort=oldest&page=1&limit=5 on this server!
[2026-08-20 18:05:14] [INFO]: ⚡ FAST REQUEST : method :GET - url: /ap/v1/expenses?category=food,travel,shopping&sort=oldest&page=1&limit=5 - statusCode : 404 - durationTimeMs: 35ms
[2026-08-21 16:38:44] [ERROR]: ❌ Error 404 - ❌ Can't find /ap/v1/expenses/auth/register on this server!
[2026-08-21 16:38:44] [INFO]: ⚡ FAST REQUEST : method :POST - url: /ap/v1/expenses/auth/register - statusCode : 404 - durationTimeMs: 15ms
[2026-08-21 16:39:25] [ERROR]: ❌ Error 400 - ❌ Username, email, and password are required!
[2026-08-21 16:39:25] [INFO]: ⚡ FAST REQUEST : method :POST - url: /api/v1/expenses/auth/register - statusCode : 400 - durationTimeMs: 3ms
[2026-08-21 16:39:48] [ERROR]: ❌ Error 400 - Unexpected token '"', ""username="... is not valid JSON
[2026-08-21 16:41:07] [ERROR]: ❌ Error 400 - Unexpected token '"', ""username="... is not valid JSON
[2026-08-21 16:41:16] [ERROR]: ❌ Error 400 - ❌ Username, email, and password are required!
[2026-08-21 16:41:16] [INFO]: ⚡ FAST REQUEST : method :POST - url: /api/v1/expenses/auth/register - statusCode : 400 - durationTimeMs: 1ms
[2026-08-21 16:41:28] [ERROR]: ❌ Error 400 - ❌ Username, email, and password are required!
[2026-08-21 16:41:28] [INFO]: ⚡ FAST REQUEST : method :POST - url: /api/v1/expenses/auth/register - statusCode : 400 - durationTimeMs: 6ms
[2026-08-21 16:41:41] [WARN]: 🐢 SLOW REQUEST DETECTED: method :POST - url: /api/v1/expenses/auth/register - statusCode : 200 - durationTimeMs: 621ms
[2026-08-21 16:42:41] [ERROR]: ❌ Error 409 - ⚠️ Email already registered!, please login!
[2026-08-21 16:42:41] [INFO]: ⚡ FAST REQUEST : method :POST - url: /api/v1/expenses/auth/register - statusCode : 409 - durationTimeMs: 118ms
[2026-08-21 16:42:52] [ERROR]: ❌ Error 500 - User validation failed: email: Invalid email address
[2026-08-21 16:42:52] [INFO]: ⚡ FAST REQUEST : method :POST - url: /api/v1/expenses/auth/register - statusCode : 500 - durationTimeMs: 188ms
[2026-08-21 16:43:11] [ERROR]: ❌ Error 400 - Password must be 6 character
[2026-08-21 16:43:11] [INFO]: ⚡ FAST REQUEST : method :POST - url: /api/v1/expenses/auth/register - statusCode : 400 - durationTimeMs: 2ms
[2026-08-21 16:43:28] [INFO]: ⚡ FAST REQUEST : method :POST - url: /api/v1/expenses/auth/register - statusCode : 200 - durationTimeMs: 230ms
[2026-08-21 16:43:45] [ERROR]: ❌ Error 400 - Password must be 6 character
[2026-08-21 16:43:45] [INFO]: ⚡ FAST REQUEST : method :POST - url: /api/v1/expenses/auth/register - statusCode : 400 - durationTimeMs: 243ms
[2026-08-21 16:43:57] [ERROR]: ❌ Error 409 - ⚠️ Email already registered!, please login!
[2026-08-21 16:43:57] [INFO]: ⚡ FAST REQUEST : method :POST - url: /api/v1/expenses/auth/register - statusCode : 409 - durationTimeMs: 46ms
[2026-08-21 16:44:05] [INFO]: ⚡ FAST REQUEST : method :POST - url: /api/v1/expenses/auth/register - statusCode : 200 - durationTimeMs: 231ms
[2026-08-21 17:00:04] [INFO]: ⚡ FAST REQUEST : method :POST - url: /api/v1/expenses/auth/register - statusCode : 201 - durationTimeMs: 236ms
